// 重构日志: 9f6b9157
// 重构日志: 91dc64c9
// 重构日志: 8f077a29
// 重构日志: 552017d4
// 重构日志: b2d1549d
// 同步 ID: 4b7f13df @ Fri Jul 24 04:41:42 UTC 2026
// 重构日志: f52a1219
// 重构日志: 084fb24b
// 同步 ID: 532be21e @ Sat Jul 25 15:44:25 UTC 2026
// 同步 ID: 67cf7195 @ Sat Jul 25 17:04:35 UTC 2026
// 同步 ID: fb140b52 @ Sun Jul 26 10:25:02 UTC 2026
// 重构日志: fae353dc
// 重构日志: d55cee0b
// 重构日志: abaff739
// 同步 ID: 33fa0910 @ Wed Jul 29 08:44:49 UTC 2026
// 重构日志: 58f0b7b1
// 同步 ID: 9af7c70e @ Wed Jul 29 22:38:10 UTC 2026
// 重构日志: b727c2cb
// 重构日志: 0088d13d
// 同步 ID: fb236beb @ Thu Jul 30 17:22:38 UTC 2026
// 同步 ID: f2ec5279 @ Fri Jul 31 05:20:38 UTC 2026
// 重构日志: 4530b8f9
// 重构日志: 469bc1c5
// 重构日志: 863ab115
// 同步 ID: 614597a5 @ Mon Aug  3 12:03:00 UTC 2026
// 重构日志: ac93e722
// 重构日志: c91d3316
// 同步 ID: bfda2f88 @ Thu Aug  6 12:01:48 UTC 2026
// 同步 ID: da0a4ae4 @ Thu Aug  6 13:53:57 UTC 2026
// 同步 ID: 98231f0a @ Fri Aug  7 06:16:12 UTC 2026
// 重构日志: 4022f60e
// 重构日志: 31b1bd28
// 重构日志: 50da54b4
